\BOOKMARK [0][-]{chapter.1}{Wprowadzenie}{}% 1
\BOOKMARK [1][-]{section.1.1}{Przedmowa}{chapter.1}% 2
\BOOKMARK [1][-]{section.1.2}{Inspiracja}{chapter.1}% 3
\BOOKMARK [1][-]{section.1.3}{Cel oraz zakres pracy}{chapter.1}% 4
\BOOKMARK [1][-]{section.1.4}{Konkurencyjne rozwiazania}{chapter.1}% 5
\BOOKMARK [0][-]{chapter.2}{Podstawy teoretyczne wybranych technologii}{}% 6
\BOOKMARK [1][-]{section.2.1}{Uzywane IDE oraz ich rozszerzenia}{chapter.2}% 7
\BOOKMARK [2][-]{subsection.2.1.1}{Visual Studio 2022}{section.2.1}% 8
\BOOKMARK [2][-]{subsection.2.1.2}{Visual Studio Code}{section.2.1}% 9
\BOOKMARK [1][-]{section.2.2}{PostgreSQL}{chapter.2}% 10
\BOOKMARK [1][-]{section.2.3}{.NET oraz Entity Framework}{chapter.2}% 11
\BOOKMARK [2][-]{subsection.2.3.1}{.NET 8}{section.2.3}% 12
\BOOKMARK [2][-]{subsection.2.3.2}{EF Core 8 oraz Npgsql}{section.2.3}% 13
\BOOKMARK [1][-]{section.2.4}{Biblioteki backendowe}{chapter.2}% 14
\BOOKMARK [2][-]{subsection.2.4.1}{SpaProxy}{section.2.4}% 15
\BOOKMARK [2][-]{subsection.2.4.2}{Steam OpenID}{section.2.4}% 16
\BOOKMARK [2][-]{subsection.2.4.3}{Swagger i dokumentacja API}{section.2.4}% 17
\BOOKMARK [1][-]{section.2.5}{Typescript i Angular}{chapter.2}% 18
\BOOKMARK [2][-]{subsection.2.5.1}{TypeScript}{section.2.5}% 19
\BOOKMARK [2][-]{subsection.2.5.2}{Angular}{section.2.5}% 20
\BOOKMARK [1][-]{section.2.6}{Znaczace biblioteki frontendowe}{chapter.2}% 21
\BOOKMARK [2][-]{subsection.2.6.1}{RxJS}{section.2.6}% 22
\BOOKMARK [2][-]{subsection.2.6.2}{Angular Material}{section.2.6}% 23
\BOOKMARK [1][-]{section.2.7}{Linting kodu i zapobieganie code smellowi}{chapter.2}% 24
\BOOKMARK [2][-]{subsection.2.7.1}{GitHub Actions}{section.2.7}% 25
\BOOKMARK [2][-]{subsection.2.7.2}{ESLint}{section.2.7}% 26
\BOOKMARK [2][-]{subsection.2.7.3}{Prettier}{section.2.7}% 27
\BOOKMARK [2][-]{subsection.2.7.4}{ReSharper}{section.2.7}% 28
\BOOKMARK [2][-]{subsection.2.7.5}{SonarQube}{section.2.7}% 29
\BOOKMARK [1][-]{section.2.8}{Biblioteki testowe}{chapter.2}% 30
\BOOKMARK [2][-]{subsection.2.8.1}{Karma Jasmine}{section.2.8}% 31
\BOOKMARK [2][-]{subsection.2.8.2}{NUnit}{section.2.8}% 32
\BOOKMARK [2][-]{subsection.2.8.3}{Moq}{section.2.8}% 33
\BOOKMARK [2][-]{subsection.2.8.4}{Coverlet}{section.2.8}% 34
\BOOKMARK [0][-]{chapter.3}{Architektura projektu}{}% 35
\BOOKMARK [0][-]{chapter.4}{Implementacja funkcjonalnosci aplikacji}{}% 36
\BOOKMARK [1][-]{section.4.1}{Obs\233uga autoryzacji uzytkownika}{chapter.4}% 37
\BOOKMARK [2][-]{subsection.4.1.1}{Endpointy zwiazane z autoryzacja uzytkownika}{section.4.1}% 38
\BOOKMARK [2][-]{subsection.4.1.2}{Rejestracja przy pomocy formularza}{section.4.1}% 39
\BOOKMARK [2][-]{subsection.4.1.3}{Logowanie przy pomocy emaila oraz has\233a}{section.4.1}% 40
\BOOKMARK [1][-]{section.4.2}{Zarzadzanie profilem uzytkownika}{chapter.4}% 41
\BOOKMARK [1][-]{section.4.3}{Funkcjonalnosci zwiazane z grami}{chapter.4}% 42
\BOOKMARK [1][-]{section.4.4}{Funkcjonalnosci zwiazane z modyfikacjami}{chapter.4}% 43
\BOOKMARK [2][-]{subsection.4.4.1}{Przesy\233anie modyfikacji oraz ich wersji}{section.4.4}% 44
\BOOKMARK [2][-]{subsection.4.4.2}{Lista modyfikacji dla gry}{section.4.4}% 45
\BOOKMARK [1][-]{section.4.5}{Strona g\233\363wna oraz UX aplikacji}{chapter.4}% 46
\BOOKMARK [1][-]{section.4.6}{Integracje z zewnetrznymi serwisami}{chapter.4}% 47
\BOOKMARK [2][-]{subsection.4.6.1}{Steam}{section.4.6}% 48
\BOOKMARK [2][-]{subsection.4.6.2}{Google Fonts}{section.4.6}% 49
\BOOKMARK [0][-]{chapter.5}{Podsumowanie projektu}{}% 50
\BOOKMARK [1][-]{section.5.1}{Trudnosci i wyzwania}{chapter.5}% 51
\BOOKMARK [1][-]{section.5.2}{Wnioski z projektu}{chapter.5}% 52
\BOOKMARK [1][-]{section.5.3}{Potencjalne kierunki rozwoju projektu}{chapter.5}% 53
